-----  Stop and Wait Network Simulator Version 1.1 -------- 

Enter the number of messages to simulate: Enter  packet loss probability [enter 0.0 for no loss]:Enter packet corruption probability [0.0 for no corruption]:Enter average time between messages from sender's layer5 [ > 0.0]:Enter TRACE:
EVENT time: 93.569748,  type: 1, fromlayer5  entity: 0
A_output: sending new packet, seq 0

EVENT time: 99.062195,  type: 2, fromlayer3  entity: 1
B_input: correct packet, seq 0, delivering to layer5

EVENT time: 101.561325,  type: 2, fromlayer3  entity: 0
A_input: valid ACK for seq 0 received, packet delivered

EVENT time: 1607.715088,  type: 1, fromlayer5  entity: 0
A_output: sending new packet, seq 1

EVENT time: 1609.116333,  type: 2, fromlayer3  entity: 1
B_input: correct packet, seq 1, delivering to layer5

EVENT time: 1614.552979,  type: 2, fromlayer3  entity: 0
A_input: valid ACK for seq 1 received, packet delivered

EVENT time: 2322.031250,  type: 1, fromlayer5  entity: 0
A_output: sending new packet, seq 0

EVENT time: 2325.527344,  type: 2, fromlayer3  entity: 1
B_input: correct packet, seq 0, delivering to layer5

EVENT time: 2328.412354,  type: 2, fromlayer3  entity: 0
A_input: valid ACK for seq 0 received, packet delivered

EVENT time: 3332.804199,  type: 1, fromlayer5  entity: 0
A_output: sending new packet, seq 1
          TOLAYER3: packet being corrupted

EVENT time: 3337.380615,  type: 2, fromlayer3  entity: 1
B_input: corrupted packet received, sending NACK

EVENT time: 3341.256836,  type: 2, fromlayer3  entity: 0
A_input: NACK or stale ack (acknum -1) received, retransmitting seq 1 immediately

EVENT time: 3346.818115,  type: 2, fromlayer3  entity: 1
B_input: correct packet, seq 1, delivering to layer5
          TOLAYER3: packet being lost

EVENT time: 3365.256836,  type: 0, timerinterrupt   entity: 0
A_timerinterrupt: timeout, retransmitting seq 1

EVENT time: 3371.204346,  type: 2, fromlayer3  entity: 1
B_input: unexpected seq 1 (expected 0), duplicate data - resending ACK 1

EVENT time: 3373.402100,  type: 2, fromlayer3  entity: 0
A_input: valid ACK for seq 1 received, packet delivered

EVENT time: 5057.893555,  type: 1, fromlayer5  entity: 0
A_output: sending new packet, seq 0
          TOLAYER3: packet being corrupted

EVENT time: 5058.931152,  type: 1, fromlayer5  entity: 0
A_output: packet still outstanding (seq 0) - dropping new message

EVENT time: 5062.472656,  type: 2, fromlayer3  entity: 1
B_input: corrupted packet received, sending NACK

EVENT time: 5064.000000,  type: 2, fromlayer3  entity: 0
A_input: NACK or stale ack (acknum -1) received, retransmitting seq 0 immediately

EVENT time: 5065.919922,  type: 2, fromlayer3  entity: 1
B_input: correct packet, seq 0, delivering to layer5
          TOLAYER3: packet being corrupted

EVENT time: 5075.554688,  type: 2, fromlayer3  entity: 0
A_input: corrupted ack/nack packet received, ignoring (will rely on timeout)

EVENT time: 5088.000000,  type: 0, timerinterrupt   entity: 0
A_timerinterrupt: timeout, retransmitting seq 0

EVENT time: 5094.081543,  type: 2, fromlayer3  entity: 1
B_input: unexpected seq 0 (expected 1), duplicate data - resending ACK 0

EVENT time: 5098.633301,  type: 2, fromlayer3  entity: 0
A_input: valid ACK for seq 0 received, packet delivered

EVENT time: 6557.268066,  type: 1, fromlayer5  entity: 0
A_output: sending new packet, seq 1
          TOLAYER3: packet being corrupted

EVENT time: 6564.979980,  type: 2, fromlayer3  entity: 1
B_input: corrupted packet received, sending NACK

EVENT time: 6570.675781,  type: 2, fromlayer3  entity: 0
A_input: NACK or stale ack (acknum -1) received, retransmitting seq 1 immediately
          TOLAYER3: packet being corrupted

EVENT time: 6578.529297,  type: 2, fromlayer3  entity: 1
B_input: corrupted packet received, sending NACK

EVENT time: 6586.390137,  type: 2, fromlayer3  entity: 0
A_input: NACK or stale ack (acknum -1) received, retransmitting seq 1 immediately
          TOLAYER3: packet being corrupted

EVENT time: 6588.391113,  type: 2, fromlayer3  entity: 1
B_input: corrupted packet received, sending NACK

EVENT time: 6589.551758,  type: 2, fromlayer3  entity: 0
A_input: NACK or stale ack (acknum -1) received, retransmitting seq 1 immediately
          TOLAYER3: packet being corrupted

EVENT time: 6593.748047,  type: 2, fromlayer3  entity: 1
B_input: corrupted packet received, sending NACK
          TOLAYER3: packet being lost

EVENT time: 6613.551758,  type: 0, timerinterrupt   entity: 0
A_timerinterrupt: timeout, retransmitting seq 1

EVENT time: 6615.095215,  type: 2, fromlayer3  entity: 1
B_input: correct packet, seq 1, delivering to layer5

EVENT time: 6618.884277,  type: 2, fromlayer3  entity: 0
A_input: valid ACK for seq 1 received, packet delivered

EVENT time: 6854.091309,  type: 1, fromlayer5  entity: 0
A_output: sending new packet, seq 0
          TOLAYER3: packet being corrupted

EVENT time: 6861.486328,  type: 2, fromlayer3  entity: 1
B_input: corrupted packet received, sending NACK
          TOLAYER3: packet being lost

EVENT time: 6878.091309,  type: 0, timerinterrupt   entity: 0
A_timerinterrupt: timeout, retransmitting seq 0

EVENT time: 6882.773926,  type: 2, fromlayer3  entity: 1
B_input: correct packet, seq 0, delivering to layer5

EVENT time: 6885.742676,  type: 2, fromlayer3  entity: 0
A_input: valid ACK for seq 0 received, packet delivered

EVENT time: 8567.888672,  type: 1, fromlayer5  entity: 0
A_output: sending new packet, seq 1
          TOLAYER3: packet being corrupted

EVENT time: 8575.871094,  type: 2, fromlayer3  entity: 1
B_input: corrupted packet received, sending NACK
          TOLAYER3: packet being lost

EVENT time: 8591.888672,  type: 0, timerinterrupt   entity: 0
A_timerinterrupt: timeout, retransmitting seq 1

EVENT time: 8597.627930,  type: 2, fromlayer3  entity: 1
B_input: correct packet, seq 1, delivering to layer5
          TOLAYER3: packet being corrupted

EVENT time: 8603.997070,  type: 2, fromlayer3  entity: 0
A_input: corrupted ack/nack packet received, ignoring (will rely on timeout)

EVENT time: 8615.888672,  type: 0, timerinterrupt   entity: 0
A_timerinterrupt: timeout, retransmitting seq 1

EVENT time: 8621.325195,  type: 2, fromlayer3  entity: 1
B_input: unexpected seq 1 (expected 0), duplicate data - resending ACK 1
          TOLAYER3: packet being corrupted

EVENT time: 8622.351563,  type: 2, fromlayer3  entity: 0
A_input: corrupted ack/nack packet received, ignoring (will rely on timeout)

EVENT time: 8639.888672,  type: 0, timerinterrupt   entity: 0
A_timerinterrupt: timeout, retransmitting seq 1
          TOLAYER3: packet being corrupted

EVENT time: 8648.395508,  type: 2, fromlayer3  entity: 1
B_input: corrupted packet received, sending NACK

EVENT time: 8649.738281,  type: 2, fromlayer3  entity: 0
A_input: NACK or stale ack (acknum -1) received, retransmitting seq 1 immediately

EVENT time: 8650.788086,  type: 2, fromlayer3  entity: 1
B_input: unexpected seq 1 (expected 0), duplicate data - resending ACK 1
          TOLAYER3: packet being lost

EVENT time: 8673.738281,  type: 0, timerinterrupt   entity: 0
A_timerinterrupt: timeout, retransmitting seq 1

EVENT time: 8677.823242,  type: 2, fromlayer3  entity: 1
B_input: unexpected seq 1 (expected 0), duplicate data - resending ACK 1

EVENT time: 8678.834961,  type: 2, fromlayer3  entity: 0
A_input: valid ACK for seq 1 received, packet delivered

EVENT time: 9351.054688,  type: 1, fromlayer5  entity: 0
A_output: sending new packet, seq 0

EVENT time: 9355.425781,  type: 2, fromlayer3  entity: 1
B_input: correct packet, seq 0, delivering to layer5

EVENT time: 9358.968750,  type: 2, fromlayer3  entity: 0
A_input: valid ACK for seq 0 received, packet delivered

EVENT time: 10168.157227,  type: 1, fromlayer5  entity: 0
A_output: sending new packet, seq 1
          TOLAYER3: packet being corrupted

EVENT time: 10174.736328,  type: 2, fromlayer3  entity: 1
B_input: corrupted packet received, sending NACK
          TOLAYER3: packet being corrupted

EVENT time: 10179.352539,  type: 2, fromlayer3  entity: 0
A_input: corrupted ack/nack packet received, ignoring (will rely on timeout)

EVENT time: 10192.157227,  type: 0, timerinterrupt   entity: 0
A_timerinterrupt: timeout, retransmitting seq 1

EVENT time: 10193.521484,  type: 2, fromlayer3  entity: 1
B_input: correct packet, seq 1, delivering to layer5
          TOLAYER3: packet being corrupted

EVENT time: 10198.057617,  type: 2, fromlayer3  entity: 0
A_input: corrupted ack/nack packet received, ignoring (will rely on timeout)

EVENT time: 10216.157227,  type: 0, timerinterrupt   entity: 0
A_timerinterrupt: timeout, retransmitting seq 1
          TOLAYER3: packet being corrupted

EVENT time: 10221.201172,  type: 2, fromlayer3  entity: 1
B_input: corrupted packet received, sending NACK

EVENT time: 10230.790039,  type: 2, fromlayer3  entity: 0
A_input: NACK or stale ack (acknum -1) received, retransmitting seq 1 immediately
          TOLAYER3: packet being corrupted

EVENT time: 10235.276367,  type: 2, fromlayer3  entity: 1
B_input: corrupted packet received, sending NACK

EVENT time: 10238.570313,  type: 2, fromlayer3  entity: 0
A_input: NACK or stale ack (acknum -1) received, retransmitting seq 1 immediately
          TOLAYER3: packet being lost

EVENT time: 10262.570313,  type: 0, timerinterrupt   entity: 0
A_timerinterrupt: timeout, retransmitting seq 1

EVENT time: 10266.392578,  type: 2, fromlayer3  entity: 1
B_input: unexpected seq 1 (expected 0), duplicate data - resending ACK 1

EVENT time: 10273.214844,  type: 2, fromlayer3  entity: 0
A_input: valid ACK for seq 1 received, packet delivered

EVENT time: 11786.492188,  type: 1, fromlayer5  entity: 0
A_output: sending new packet, seq 0
          TOLAYER3: packet being lost

EVENT time: 11810.492188,  type: 0, timerinterrupt   entity: 0
 Simulator terminated at time 11810.492188
 after sending 12 msgs from layer5
